[
	{
		"X": [
			0.78051,
			-0.063669
		],
		"Y": 1
	},
	{
		"X": [
			0.28774,
			0.29139
		],
		"Y": 1
	},
	{
		"X": [
			0.40714,
			0.17878
		],
		"Y": 1
	},
	{
		"X": [
			0.2923,
			0.4217
		],
		"Y": 1
	},
	{
		"X": [
			0.50922,
			0.35256
		],
		"Y": 1
	},
	{
		"X": [
			0.27785,
			0.10802
		],
		"Y": 1
	},
	{
		"X": [
			0.27527,
			0.33223
		],
		"Y": 1
	},
	{
		"X": [
			0.43999,
			0.31245
		],
		"Y": 1
	},
	{
		"X": [
			0.33557,
			0.42984
		],
		"Y": 1
	},
	{
		"X": [
			0.23448,
			0.24986
		],
		"Y": 1
	},
	{
		"X": [
			0.0084492,
			0.13658
		],
		"Y": 1
	},
	{
		"X": [
			0.12419,
			0.33595
		],
		"Y": 1
	},
	{
		"X": [
			0.25644,
			0.42624
		],
		"Y": 1
	},
	{
		"X": [
			0.4591,
			0.40426
		],
		"Y": 1
	},
	{
		"X": [
			0.44547,
			0.45117
		],
		"Y": 1
	},
	{
		"X": [
			0.42218,
			0.20118
		],
		"Y": 1
	},
	{
		"X": [
			0.49563,
			0.21445
		],
		"Y": 1
	},
	{
		"X": [
			0.30848,
			0.24306
		],
		"Y": 1
	},
	{
		"X": [
			0.39707,
			0.44438
		],
		"Y": 1
	},
	{
		"X": [
			0.32945,
			0.39217
		],
		"Y": 1
	},
	{
		"X": [
			0.40739,
			0.40271
		],
		"Y": 1
	},
	{
		"X": [
			0.3106,
			0.50702
		],
		"Y": 1
	},
	{
		"X": [
			0.49638,
			0.45384
		],
		"Y": 1
	},
	{
		"X": [
			0.10073,
			0.32053
		],
		"Y": 1
	},
	{
		"X": [
			0.69907,
			0.37307
		],
		"Y": 1
	},
	{
		"X": [
			0.29767,
			0.69648
		],
		"Y": 1
	},
	{
		"X": [
			0.15099,
			0.57341
		],
		"Y": 1
	},
	{
		"X": [
			0.16427,
			0.27759
		],
		"Y": 1
	},
	{
		"X": [
			0.33259,
			0.055964
		],
		"Y": 1
	},
	{
		"X": [
			0.53741,
			0.28637
		],
		"Y": 1
	},
	{
		"X": [
			0.19503,
			0.36879
		],
		"Y": 1
	},
	{
		"X": [
			0.40278,
			0.035148
		],
		"Y": 1
	},
	{
		"X": [
			0.21296,
			0.55169
		],
		"Y": 1
	},
	{
		"X": [
			0.48447,
			0.56991
		],
		"Y": 1
	},
	{
		"X": [
			0.25476,
			0.34596
		],
		"Y": 1
	},
	{
		"X": [
			0.21726,
			0.28641
		],
		"Y": 1
	},
	{
		"X": [
			0.67078,
			0.46538
		],
		"Y": 1
	},
	{
		"X": [
			0.3815,
			0.4622
		],
		"Y": 1
	},
	{
		"X": [
			0.53838,
			0.32774
		],
		"Y": 1
	},
	{
		"X": [
			0.4849,
			0.26071
		],
		"Y": 1
	},
	{
		"X": [
			0.37095,
			0.38809
		],
		"Y": 1
	},
	{
		"X": [
			0.54527,
			0.63911
		],
		"Y": 1
	},
	{
		"X": [
			0.32149,
			0.12007
		],
		"Y": 1
	},
	{
		"X": [
			0.42216,
			0.61666
		],
		"Y": 1
	},
	{
		"X": [
			0.10194,
			0.060408
		],
		"Y": 1
	},
	{
		"X": [
			0.15254,
			0.2168
		],
		"Y": 1
	},
	{
		"X": [
			0.45558,
			0.43769
		],
		"Y": 1
	},
	{
		"X": [
			0.28488,
			0.52142
		],
		"Y": 1
	},
	{
		"X": [
			0.27633,
			0.21264
		],
		"Y": 1
	},
	{
		"X": [
			0.39748,
			0.31902
		],
		"Y": 1
	},
	{
		"X": [
			0.5533,
			1
		],
		"Y": 0
	},
	{
		"X": [
			0.44274,
			0.59205
		],
		"Y": 0
	},
	{
		"X": [
			0.85176,
			0.6612
		],
		"Y": 0
	},
	{
		"X": [
			0.60436,
			0.86605
		],
		"Y": 0
	},
	{
		"X": [
			0.68243,
			0.48301
		],
		"Y": 0
	},
	{
		"X": [
			1,
			0.76815
		],
		"Y": 0
	},
	{
		"X": [
			0.72989,
			0.8107
		],
		"Y": 0
	},
	{
		"X": [
			0.67377,
			0.77975
		],
		"Y": 0
	},
	{
		"X": [
			0.78761,
			0.58177
		],
		"Y": 0
	},
	{
		"X": [
			0.71442,
			0.7668
		],
		"Y": 0
	},
	{
		"X": [
			0.49379,
			0.54226
		],
		"Y": 0
	},
	{
		"X": [
			0.78974,
			0.74233
		],
		"Y": 0
	},
	{
		"X": [
			0.67905,
			0.60921
		],
		"Y": 0
	},
	{
		"X": [
			0.6642,
			0.72519
		],
		"Y": 0
	},
	{
		"X": [
			0.79396,
			0.56789
		],
		"Y": 0
	},
	{
		"X": [
			0.70758,
			0.76022
		],
		"Y": 0
	},
	{
		"X": [
			0.59421,
			0.61857
		],
		"Y": 0
	},
	{
		"X": [
			0.49364,
			0.56224
		],
		"Y": 0
	},
	{
		"X": [
			0.77707,
			0.35025
		],
		"Y": 0
	},
	{
		"X": [
			0.79785,
			0.76921
		],
		"Y": 0
	},
	{
		"X": [
			0.70876,
			0.96764
		],
		"Y": 0
	},
	{
		"X": [
			0.69176,
			0.60865
		],
		"Y": 0
	},
	{
		"X": [
			0.66408,
			0.92075
		],
		"Y": 0
	},
	{
		"X": [
			0.65973,
			0.66666
		],
		"Y": 0
	},
	{
		"X": [
			0.64574,
			0.56845
		],
		"Y": 0
	},
	{
		"X": [
			0.89639,
			0.7085
		],
		"Y": 0
	},
	{
		"X": [
			0.85476,
			0.63167
		],
		"Y": 0
	},
	{
		"X": [
			0.62091,
			0.80424
		],
		"Y": 0
	},
	{
		"X": [
			0.79057,
			0.56108
		],
		"Y": 0
	},
	{
		"X": [
			0.58935,
			0.71582
		],
		"Y": 0
	},
	{
		"X": [
			0.56846,
			0.7406
		],
		"Y": 0
	},
	{
		"X": [
			0.65912,
			0.71548
		],
		"Y": 0
	},
	{
		"X": [
			0.70938,
			0.74041
		],
		"Y": 0
	},
	{
		"X": [
			0.59154,
			0.62927
		],
		"Y": 0
	},
	{
		"X": [
			0.45829,
			0.4641
		],
		"Y": 0
	},
	{
		"X": [
			0.79982,
			0.74847
		],
		"Y": 0
	},
	{
		"X": [
			0.60974,
			0.54757
		],
		"Y": 0
	},
	{
		"X": [
			0.68127,
			0.86985
		],
		"Y": 0
	},
	{
		"X": [
			0.76694,
			0.64736
		],
		"Y": 0
	},
	{
		"X": [
			0.69048,
			0.83058
		],
		"Y": 0
	},
	{
		"X": [
			0.68122,
			0.96541
		],
		"Y": 0
	},
	{
		"X": [
			0.73229,
			0.64245
		],
		"Y": 0
	},
	{
		"X": [
			0.76145,
			0.60138
		],
		"Y": 0
	},
	{
		"X": [
			0.58985,
			0.86955
		],
		"Y": 0
	},
	{
		"X": [
			0.73145,
			0.74516
		],
		"Y": 0
	},
	{
		"X": [
			0.77029,
			0.7014
		],
		"Y": 0
	},
	{
		"X": [
			0.73156,
			0.71782
		],
		"Y": 0
	},
	{
		"X": [
			0.44556,
			0.57991
		],
		"Y": 0
	},
	{
		"X": [
			0.85275,
			0.85987
		],
		"Y": 0
	},
	{
		"X": [
			0.51912,
			0.62359
		],
		"Y": 0
	}
]
